21:19:08 **** Incremental Build of configuration Debug for project test_1 ****
make -j12 all 
arm-none-eabi-gcc "../Core/Src/main.c" -mcpu=cortex-m3 -std=gnu11 -g3 -DDEBUG -DUSE_HAL_DRIVER -DSTM32F103xB -c -I../Core/Inc -I../Drivers/STM32F1xx_HAL_Driver/Inc/Legacy -I../Drivers/STM32F1xx_HAL_Driver/Inc -I../Drivers/CMSIS/Device/ST/STM32F1xx/Include -I../Drivers/CMSIS/Include -I../USB_DEVICE/App -I../USB_DEVICE/Target -I../Middlewares/ST/STM32_USB_Device_Library/Core/Inc -I../Middlewares/ST/STM32_USB_Device_Library/Class/CDC/Inc -O0 -ffunction-sections -fdata-sections -Wall -fstack-usage -MMD -MP -MF"Core/Src/main.d" -MT"Core/Src/main.o" --specs=nano.specs -mfloat-abi=soft -mthumb -o "Core/Src/main.o"
arm-none-eabi-gcc -o "test_1.elf" @"objects.list"   -mcpu=cortex-m3 -T"/home/fthsari/STM32CubeIDE/workspace_1.10.1/test_1/STM32F103C8TX_FLASH.ld" --specs=nosys.specs -Wl,-Map="test_1.map" -Wl,--gc-sections -static --specs=nano.specs -mfloat-abi=soft -mthumb -Wl,--start-group -lc -lm -Wl,--end-group
Finished building target: test_1.elf
 
arm-none-eabi-size   test_1.elf 
arm-none-eabi-objdump -h -S  test_1.elf  > "test_1.list"
arm-none-eabi-objcopy  -O binary  test_1.elf  "test_1.bin"
   text	   data	    bss	    dec	    hex	filename
  32196	    392	   6168	  38756	   9764	test_1.elf
Finished building: default.size.stdout
 
Finished building: test_1.bin
 
Finished building: test_1.list
 
